// Jest Snapshot v1, https://goo.gl/fbAQLP

exports[`expect to render ChangeForm component 1`] = `
"<form className=\\"form-edit\\" onSubmit={[Function: onSubmit]}>
  <div>
    <label htmlFor=\\"title\\">
      Title
    </label>
    <input autoFocus={true} onChange={[Function: handlerTitle]} id=\\"title\\" type=\\"text\\" placeholder=\\"Title...\\" required={true} />
  </div>
  <div>
    <label htmlFor=\\"text\\">
      Text
    </label>
    <textarea onChange={[Function: handlerBody]} id=\\"text\\" rows=\\"10\\" placeholder=\\"Text...\\" required={true} />
  </div>
  <button type=\\"submit\\">
    Save
  </button>
</form>"
`;
